// Jest Snapshot v1, https://goo.gl/fbAQLP

exports[`[Mocked body] Cast visitor webhook with sample request body 1`] = `
{
  "bot": {
    "result": "bad",
    "type": "selenium",
  },
  "browserDetails": {
    "browserFullVersion": "73.0.3683.86",
    "browserMajorVersion": "73",
    "browserName": "Chrome",
    "device": "Other",
    "os": "Mac OS X",
    "osVersion": "10.14.3",
    "userAgent": "(Macintosh; Intel Mac OS X 10_14_3) Chrome/73.0.3683.86",
  },
  "clientReferrer": "https://google.com?search=banking+services",
  "clonedApp": {
    "result": false,
  },
  "confidence": {
    "score": 0.97,
  },
  "developerTools": {
    "result": false,
  },
  "emulator": {
    "result": false,
  },
  "factoryReset": {
    "time": "1970-01-01T00:00:00Z",
    "timestamp": 0,
  },
  "firstSeenAt": {
    "global": "2022-03-16T11:26:45.362Z",
    "subscription": "2022-03-16T11:31:01.101Z",
  },
  "frida": {
    "result": false,
  },
  "highActivity": {
    "result": false,
  },
  "incognito": false,
  "ip": "216.3.128.12",
  "ipBlocklist": {
    "details": {
      "attackSource": false,
      "emailSpam": false,
    },
    "result": false,
  },
  "ipInfo": {
    "v4": {
      "address": "94.142.239.124",
      "asn": {
        "asn": "7922",
        "name": "COMCAST-7922",
        "network": "73.136.0.0/13",
      },
      "datacenter": {
        "name": "DediPath",
        "result": true,
      },
      "geolocation": {
        "accuracyRadius": 20,
        "city": {
          "name": "Prague",
        },
        "continent": {
          "code": "EU",
          "name": "Europe",
        },
        "country": {
          "code": "CZ",
          "name": "Czechia",
        },
        "latitude": 50.05,
        "longitude": 14.4,
        "postalCode": "150 00",
        "subdivisions": [
          {
            "isoCode": "10",
            "name": "Hlavni mesto Praha",
          },
        ],
        "timezone": "Europe/Prague",
      },
    },
  },
  "ipLocation": {
    "accuracyRadius": 1,
    "city": {
      "name": "Bolingbrook",
    },
    "continent": {
      "code": "NA",
      "name": "North America",
    },
    "country": {
      "code": "US",
      "name": "United States",
    },
    "latitude": 41.12933,
    "longitude": -88.9954,
    "postalCode": "60547",
    "subdivisions": [
      {
        "isoCode": "IL",
        "name": "Illinois",
      },
    ],
    "timezone": "America/Chicago",
  },
  "jailbroken": {
    "result": false,
  },
  "lastSeenAt": {
    "global": "2022-03-16T11:28:34.023Z",
    "subscription": null,
  },
  "linkedId": "any-string",
  "locationSpoofing": {
    "result": true,
  },
  "privacySettings": {
    "result": false,
  },
  "proxy": {
    "result": false,
  },
  "rawDeviceAttributes": {
    "architecture": {
      "value": 127,
    },
    "audio": {
      "value": 35.73832903057337,
    },
    "canvas": {
      "value": {
        "Geometry": "4dce9d6017c3e0c052a77252f29f2b1c",
        "Text": "dd2474a56ff78c1de3e7a07070ba3b7d",
        "Winding": true,
      },
    },
    "colorDepth": {
      "value": 30,
    },
    "colorGamut": {
      "value": "srgb",
    },
    "contrast": {
      "value": 0,
    },
    "cookiesEnabled": {
      "value": true,
    },
  },
  "remoteControl": {
    "result": false,
  },
  "requestId": "Px6VxbRC6WBkA39yeNH3",
  "rootApps": {
    "result": false,
  },
  "suspectScore": {
    "result": 0,
  },
  "tag": {
    "requestType": "signup",
    "yourCustomId": 45321,
  },
  "tampering": {
    "anomalyScore": 0,
    "antiDetectBrowser": false,
    "result": false,
  },
  "time": "2019-10-12T07:20:50.52Z",
  "timestamp": 1554910997788,
  "tor": {
    "result": false,
  },
  "url": "https://banking.example.com/signup",
  "userAgent": "(Macintosh; Intel Mac OS X 10_14_3) Chrome/73.0.3683.86",
  "velocity": {
    "distinctCountry": {
      "intervals": {
        "1h": 2,
        "24h": 2,
        "5m": 1,
      },
    },
    "distinctIp": {
      "intervals": {
        "1h": 1,
        "24h": 1,
        "5m": 1,
      },
    },
    "distinctIpByLinkedId": {
      "intervals": {
        "1h": 5,
        "24h": 5,
        "5m": 1,
      },
    },
    "distinctLinkedId": {},
    "distinctVisitorIdByLinkedId": {
      "intervals": {
        "1h": 5,
        "24h": 5,
        "5m": 1,
      },
    },
    "events": {
      "intervals": {
        "1h": 5,
        "24h": 5,
        "5m": 1,
      },
    },
    "ipEvents": {
      "intervals": {
        "1h": 5,
        "24h": 5,
        "5m": 1,
      },
    },
  },
  "virtualMachine": {
    "result": false,
  },
  "visitorFound": true,
  "visitorId": "3HNey93AkBW6CRbxV6xP",
  "vpn": {
    "confidence": "high",
    "methods": {
      "auxiliaryMobile": false,
      "osMismatch": false,
      "publicVPN": false,
      "timezoneMismatch": false,
    },
    "originCountry": "unknown",
    "originTimezone": "Europe/Berlin",
    "result": false,
  },
}
`;
