// Jest Snapshot v1, https://goo.gl/fbAQLP

exports[`[Mocked response] Get Visitors with limit and before 1`] = `
{
  "lastTimestamp": 1655373953086,
  "paginationKey": "1655373953086.DDlfmP",
  "visitorId": "AcxioeQKffpXF8iGQK3P",
  "visits": [
    {
      "browserDetails": {
        "botProbability": 0,
        "browserFullVersion": "102.0.5005",
        "browserMajorVersion": "102",
        "browserName": "Chrome",
        "device": "Other",
        "os": "Mac OS X",
        "osVersion": "10.15.7",
        "userAgent": "Mozilla/5.0 (Macintosh; Intel Mac OS X 10_15_7) AppleWebKit/537.36 (KHTML, like Gecko) Chrome/102.0.5005.61 Safari/537.36",
      },
      "confidence": {
        "score": 1,
      },
      "firstSeenAt": {
        "global": "2022-02-04T11:31:20Z",
        "subscription": "2022-02-04T11:31:20Z",
      },
      "incognito": false,
      "ip": "82.118.30.68",
      "ipLocation": {
        "accuracyRadius": 1000,
        "city": {
          "name": "Prague",
        },
        "continent": {
          "code": "EU",
          "name": "Europe",
        },
        "country": {
          "code": "CZ",
          "name": "Czechia",
        },
        "latitude": 50.0805,
        "longitude": 14.467,
        "postalCode": "130 00",
        "subdivisions": [
          {
            "isoCode": "10",
            "name": "Hlavni mesto Praha",
          },
        ],
        "timezone": "Europe/Prague",
      },
      "lastSeenAt": {
        "global": "2022-06-16T10:03:00.912Z",
        "subscription": "2022-06-16T10:03:00.912Z",
      },
      "requestId": "1655373953086.DDlfmP",
      "tag": {},
      "time": "2022-06-16T10:05:53Z",
      "timestamp": 1655373953094,
      "url": "https://dashboard.fingerprint.com/",
      "visitorFound": true,
    },
  ],
}
`;

exports[`[Mocked response] Get Visitors with linked_id and limit filter 1`] = `
{
  "lastTimestamp": 1655373953086,
  "paginationKey": "1655373953086.DDlfmP",
  "visitorId": "AcxioeQKffpXF8iGQK3P",
  "visits": [
    {
      "browserDetails": {
        "botProbability": 0,
        "browserFullVersion": "102.0.5005",
        "browserMajorVersion": "102",
        "browserName": "Chrome",
        "device": "Other",
        "os": "Mac OS X",
        "osVersion": "10.15.7",
        "userAgent": "Mozilla/5.0 (Macintosh; Intel Mac OS X 10_15_7) AppleWebKit/537.36 (KHTML, like Gecko) Chrome/102.0.5005.61 Safari/537.36",
      },
      "confidence": {
        "score": 1,
      },
      "firstSeenAt": {
        "global": "2022-02-04T11:31:20Z",
        "subscription": "2022-02-04T11:31:20Z",
      },
      "incognito": false,
      "ip": "82.118.30.68",
      "ipLocation": {
        "accuracyRadius": 1000,
        "city": {
          "name": "Prague",
        },
        "continent": {
          "code": "EU",
          "name": "Europe",
        },
        "country": {
          "code": "CZ",
          "name": "Czechia",
        },
        "latitude": 50.0805,
        "longitude": 14.467,
        "postalCode": "130 00",
        "subdivisions": [
          {
            "isoCode": "10",
            "name": "Hlavni mesto Praha",
          },
        ],
        "timezone": "Europe/Prague",
      },
      "lastSeenAt": {
        "global": "2022-06-16T10:03:00.912Z",
        "subscription": "2022-06-16T10:03:00.912Z",
      },
      "requestId": "1655373953086.DDlfmP",
      "tag": {},
      "time": "2022-06-16T10:05:53Z",
      "timestamp": 1655373953094,
      "url": "https://dashboard.fingerprint.com/",
      "visitorFound": true,
    },
  ],
}
`;

exports[`[Mocked response] Get Visitors with request_id and linked_id filter 1`] = `
{
  "lastTimestamp": 1655373953086,
  "paginationKey": "1655373953086.DDlfmP",
  "visitorId": "AcxioeQKffpXF8iGQK3P",
  "visits": [
    {
      "browserDetails": {
        "botProbability": 0,
        "browserFullVersion": "102.0.5005",
        "browserMajorVersion": "102",
        "browserName": "Chrome",
        "device": "Other",
        "os": "Mac OS X",
        "osVersion": "10.15.7",
        "userAgent": "Mozilla/5.0 (Macintosh; Intel Mac OS X 10_15_7) AppleWebKit/537.36 (KHTML, like Gecko) Chrome/102.0.5005.61 Safari/537.36",
      },
      "confidence": {
        "score": 1,
      },
      "firstSeenAt": {
        "global": "2022-02-04T11:31:20Z",
        "subscription": "2022-02-04T11:31:20Z",
      },
      "incognito": false,
      "ip": "82.118.30.68",
      "ipLocation": {
        "accuracyRadius": 1000,
        "city": {
          "name": "Prague",
        },
        "continent": {
          "code": "EU",
          "name": "Europe",
        },
        "country": {
          "code": "CZ",
          "name": "Czechia",
        },
        "latitude": 50.0805,
        "longitude": 14.467,
        "postalCode": "130 00",
        "subdivisions": [
          {
            "isoCode": "10",
            "name": "Hlavni mesto Praha",
          },
        ],
        "timezone": "Europe/Prague",
      },
      "lastSeenAt": {
        "global": "2022-06-16T10:03:00.912Z",
        "subscription": "2022-06-16T10:03:00.912Z",
      },
      "requestId": "1655373953086.DDlfmP",
      "tag": {},
      "time": "2022-06-16T10:05:53Z",
      "timestamp": 1655373953094,
      "url": "https://dashboard.fingerprint.com/",
      "visitorFound": true,
    },
  ],
}
`;

exports[`[Mocked response] Get Visitors with request_id filter 1`] = `
{
  "lastTimestamp": 1655373953086,
  "paginationKey": "1655373953086.DDlfmP",
  "visitorId": "AcxioeQKffpXF8iGQK3P",
  "visits": [
    {
      "browserDetails": {
        "botProbability": 0,
        "browserFullVersion": "102.0.5005",
        "browserMajorVersion": "102",
        "browserName": "Chrome",
        "device": "Other",
        "os": "Mac OS X",
        "osVersion": "10.15.7",
        "userAgent": "Mozilla/5.0 (Macintosh; Intel Mac OS X 10_15_7) AppleWebKit/537.36 (KHTML, like Gecko) Chrome/102.0.5005.61 Safari/537.36",
      },
      "confidence": {
        "score": 1,
      },
      "firstSeenAt": {
        "global": "2022-02-04T11:31:20Z",
        "subscription": "2022-02-04T11:31:20Z",
      },
      "incognito": false,
      "ip": "82.118.30.68",
      "ipLocation": {
        "accuracyRadius": 1000,
        "city": {
          "name": "Prague",
        },
        "continent": {
          "code": "EU",
          "name": "Europe",
        },
        "country": {
          "code": "CZ",
          "name": "Czechia",
        },
        "latitude": 50.0805,
        "longitude": 14.467,
        "postalCode": "130 00",
        "subdivisions": [
          {
            "isoCode": "10",
            "name": "Hlavni mesto Praha",
          },
        ],
        "timezone": "Europe/Prague",
      },
      "lastSeenAt": {
        "global": "2022-06-16T10:03:00.912Z",
        "subscription": "2022-06-16T10:03:00.912Z",
      },
      "requestId": "1655373953086.DDlfmP",
      "tag": {},
      "time": "2022-06-16T10:05:53Z",
      "timestamp": 1655373953094,
      "url": "https://dashboard.fingerprint.com/",
      "visitorFound": true,
    },
  ],
}
`;

exports[`[Mocked response] Get Visitors without filter 1`] = `
{
  "lastTimestamp": 1655373953086,
  "paginationKey": "1655373953086.DDlfmP",
  "visitorId": "AcxioeQKffpXF8iGQK3P",
  "visits": [
    {
      "browserDetails": {
        "botProbability": 0,
        "browserFullVersion": "102.0.5005",
        "browserMajorVersion": "102",
        "browserName": "Chrome",
        "device": "Other",
        "os": "Mac OS X",
        "osVersion": "10.15.7",
        "userAgent": "Mozilla/5.0 (Macintosh; Intel Mac OS X 10_15_7) AppleWebKit/537.36 (KHTML, like Gecko) Chrome/102.0.5005.61 Safari/537.36",
      },
      "confidence": {
        "score": 1,
      },
      "firstSeenAt": {
        "global": "2022-02-04T11:31:20Z",
        "subscription": "2022-02-04T11:31:20Z",
      },
      "incognito": false,
      "ip": "82.118.30.68",
      "ipLocation": {
        "accuracyRadius": 1000,
        "city": {
          "name": "Prague",
        },
        "continent": {
          "code": "EU",
          "name": "Europe",
        },
        "country": {
          "code": "CZ",
          "name": "Czechia",
        },
        "latitude": 50.0805,
        "longitude": 14.467,
        "postalCode": "130 00",
        "subdivisions": [
          {
            "isoCode": "10",
            "name": "Hlavni mesto Praha",
          },
        ],
        "timezone": "Europe/Prague",
      },
      "lastSeenAt": {
        "global": "2022-06-16T10:03:00.912Z",
        "subscription": "2022-06-16T10:03:00.912Z",
      },
      "requestId": "1655373953086.DDlfmP",
      "tag": {},
      "time": "2022-06-16T10:05:53Z",
      "timestamp": 1655373953094,
      "url": "https://dashboard.fingerprint.com/",
      "visitorFound": true,
    },
  ],
}
`;
